// Jest Snapshot v1, https://goo.gl/fbAQLP

exports[`Tests Form should render default form with one select only 1`] = `
<div>
  <form
    class="flex flex-col text-left p-8 gap-6"
  >
    <h1
      class="font-bold text-6xl"
    >
      Drill Down Form
    </h1>
    <div
      class="flex flex-col gap-1"
    >
      <select
        class="block border-2 max-w-[160px] text-left text-base"
        data-testid="testMakeSelect"
        id="make"
        name="make"
        required=""
      >
        <option
          disabled=""
          hidden=""
          value="default"
        >
          make
        </option>
        <option
          value="Ford"
        >
          Ford
        </option>
        <option
          value="bmw"
        >
          bmw
        </option>
        <option
          value="Tesla"
        >
          Tesla
        </option>
      </select>
    </div>
    <h3
      class="text-4xl font-bold"
    >
      Select a vehicle
    </h3>
    <div
      class="flex flex-col gap-1"
    >
      <button
        class="border-[1px] rounded-sm text-sm px-2 bg-gray-100 border-black py-1 max-w-fit inline"
        data-testid="testButton"
        id="0"
      >
        Tesla Model 3 Performance
      </button>
      <button
        class="border-[1px] rounded-sm text-sm px-2 bg-gray-100 border-black py-1 max-w-fit inline"
        data-testid="testButton"
        id="1"
      >
        bmw 130d xDrive 30d
      </button>
      <button
        class="border-[1px] rounded-sm text-sm px-2 bg-gray-100 border-black py-1 max-w-fit inline"
        data-testid="testButton"
        id="2"
      >
        Tesla Model S Long Range
      </button>
      <button
        class="border-[1px] rounded-sm text-sm px-2 bg-gray-100 border-black py-1 max-w-fit inline"
        data-testid="testButton"
        id="3"
      >
        Ford Ranger Raptor
      </button>
    </div>
  </form>
</div>
`;
