// Jest Snapshot v1, https://goo.gl/fbAQLP

exports[`Tests Select renders select correctly 1`] = `
<div>
  <select
    class="block border-2 max-w-[160px] text-left text-base"
    data-testid="testSelect"
    id="fruits"
    name="fruits"
    required=""
  >
    <option
      disabled=""
      value=""
    >
      fruits
    </option>
    <option
      value="Apple"
    >
      Apple
    </option>
    <option
      value="Pear"
    >
      Pear
    </option>
    <option
      value="Orange"
    >
      Orange
    </option>
  </select>
</div>
`;
